2026-03-01 15:12:37 闭嘴跳舞 20004
2026-03-06 23:37:06 下个, 路口, 见 7560021
2026-03-07 00:07:06 小宇宙 30000
2026-03-08 07:37:09 冬天快乐 30000
2026-03-08 13:07:13 下个路口见 (Live) 10002
2026-03-11 23:18:16 作为怪物 30000
2026-03-15 11:48:11 下个, 路口, 见 7570005
2026-03-18 19:32:12 跳舞街 (live) 50000
2026-03-20 10:33:09 茶花开了 (Live版) 350000
2026-03-22 10:02:54 蜀绣 330008
2026-03-24 13:11:26 春雨里 20009
2026-03-25 19:32:23 下个, 路口, 见 7580011
2026-03-28 00:32:28 好歌献给你 (live) 70018
2026-03-29 23:32:30 请你恰恰 10000
2026-03-31 00:02:18 祝福你 (live) 20000
2026-04-01 08:02:48 活着VIVA (live) 70000
2026-04-06 20:32:45 下个, 路口, 见 7590022
2026-04-06 21:32:22 无价之姐 90005
2026-04-20 13:33:02 下个, 路口, 见 7600017
2026-04-21 21:02:33 和你一样 3530004
2026-04-27 12:02:22 我唱啦啦啦 10016
2026-04-27 12:02:22 蜀绣 340587
2026-05-01 19:31:59 今天雨，可是我们在一起 10005
2026-05-06 09:31:49 无价之姐 100383
2026-05-06 09:31:49 下个, 路口, 见 7612548
