2026-03-01 23:51:15 下个，路口，见 10570000
2026-03-02 18:05:21 只有我最摇摆 (Live) 10000
2026-03-04 17:05:43 野蛮生长 20000
2026-03-05 23:35:45 大梦归离 740000
2026-03-06 23:40:15 清风醉 10000
2026-03-06 23:40:15 下个，路口，见 10580000
2026-03-09 22:40:28 千域千寻 170000
2026-03-09 23:40:29 茶花开了 (Live) 420000
2026-03-11 23:51:24 下个，路口，见 10590000
2026-03-12 23:51:29 和你一样 9050000
2026-03-13 23:51:35 清风醉 20000
2026-03-15 23:51:42 下个，路口，见 10600000
2026-03-19 23:36:28 下个，路口，见 10610000
2026-03-19 23:36:28 大梦归离 750000
2026-03-22 23:36:46 清风醉 30000
2026-03-23 23:36:59 下个，路口，见 10620000
2026-03-26 23:37:27 和你一样 9060000
2026-03-28 23:37:39 下个，路口，见 10630000
2026-03-29 15:07:25 天仙配 (Live) 10000
2026-03-29 23:36:59 春风十里 260000
2026-03-30 17:07:39 Happy Hour 10000
2026-03-31 23:37:27 大梦归离 760000
2026-04-01 23:37:27 下个，路口，见 10640000
2026-04-02 23:36:56 好歌献给你 (Live) 40000
2026-04-04 23:37:46 下个，路口，见 10650000
2026-04-08 23:37:15 下个，路口，见 10660000
2026-04-09 23:37:18 和你一样 9070000
2026-04-10 23:37:12 大梦归离 770000
2026-04-11 23:37:30 下个，路口，见 10670000
2026-04-12 22:37:06 1987我不知会遇见你 1780000
2026-04-15 23:37:32 珍惜 1150000
2026-04-15 23:37:32 下个，路口，见 10680000
2026-04-18 23:07:22 莫怕莫怕 (Live) 70000
2026-04-18 23:37:10 大梦归离 780000
2026-04-19 23:37:44 下个，路口，见 10690000
2026-04-20 23:36:56 无价之姐 2350000
2026-04-21 23:36:43 分手总要在雨天 (Live) 140000
2026-04-21 23:36:43 给女孩 (单曲) 100000
2026-04-22 23:06:31 再不疯狂我们就老了 520000
2026-04-22 23:37:11 和你一样 9080000
2026-04-23 23:36:57 下个，路口，见 10700000
2026-04-27 22:36:42 终身美丽 (Live) 20000
2026-04-27 23:36:54 蜀绣 (Live) 600000
2026-04-27 23:36:54 下个，路口，见 10710000
2026-04-27 23:36:54 茶花开了 (Live) 430000
2026-04-27 23:36:54 蜀绣 (新春版) 780000
2026-04-27 23:36:54 下个，路口，见 + 以父之名 (7秒片段) 80000
2026-04-28 23:37:37 清风醉 40000
2026-05-01 20:02:56 下个，路口，见 10720000
2026-05-01 20:02:56 大梦归离 790000
2026-05-06 09:32:36 漂浮地铁 50000
2026-05-06 09:32:36 下个，路口，见 10730000
2026-05-06 09:32:36 和你一样 9090000
2026-05-06 09:32:36 是你 100000
2026-05-06 09:32:36 闭嘴跳舞 40000
2026-05-07 20:03:13 下个，路口，见 10740000
2026-05-09 11:30:48 中国人 (Live) 100000
2026-05-12 23:30:31 下个，路口，见 10750000
2026-05-12 23:30:31 大梦归离 800000
2026-05-13 23:30:42 掌声响起来 (2008超级女声年度三强决选现场) 10000
2026-05-14 00:00:03 无价之姐 2360000
